exports[`utils humanizeDistance should work 1`] = `"123 miles"`;
