exports[`client > reducers > analysis generic reducer tests should handle add analysis 1`] = `
Object {
  "analysis-2": Object {
    "_id": "analysis-2",
    "groupId": "group-2",
    "lastRunDateTime": 1477697490,
    "name": "An Analysis",
    "organizationId": "organization-2",
    "siteId": "site-2",
    "summary": Object {
      "avgDistance": 12.34,
      "avgTravelTime": 1234,
      "savingsPerTrip": 1.23,
      "savingsPerTripYear": 319.8,
      "savingsTotalPerDay": 1.23,
      "savingsTotalPerYear": 319.8,
    },
    "tripVals": Object {
      "bike": Object {
        "cost": Array [
          0.12,
        ],
        "distance": Array [
          23,
        ],
        "time": Array [
          2345,
        ],
      },
      "car": Object {
        "cost": Array [
          6.78,
        ],
        "distance": Array [
          18,
        ],
        "time": Array [
          1234,
        ],
      },
      "transit": Object {
        "cost": Array [
          3.45,
        ],
        "distance": Array [
          30,
        ],
        "time": Array [
          3456,
        ],
      },
      "walk": Object {
        "cost": Array [
          0,
        ],
        "distance": Array [
          19,
        ],
        "time": Array [
          6789,
        ],
      },
    },
    "trips": Array [
      Object {
        "bike": Object {
          "cost": 0.12,
          "distance": 23,
          "polygon": "encoded",
          "time": 2345,
        },
        "car": Object {
          "cost": 6.78,
          "distance": 18,
          "polygon": "encoded",
          "time": 1234,
        },
        "commuterId": "commuter-2",
        "mostLikely": Object {
          "cost": 3.45,
          "distance": 30,
          "mode": "transit",
          "polygon": "encoded",
          "time": 3456,
        },
        "transit": Object {
          "cost": 3.45,
          "distance": 30,
          "polygon": "encoded",
          "time": 3456,
        },
        "walk": Object {
          "cost": 0,
          "distance": 19,
          "polygon": "encoded",
          "time": 6789,
        },
      },
    ],
  },
}
`;

exports[`client > reducers > analysis generic reducer tests should handle delete analysis 1`] = `Object {}`;

exports[`client > reducers > analysis generic reducer tests should handle set analyses 1`] = `
Object {
  "analysis-2": Object {
    "_id": "analysis-2",
    "groupId": "group-2",
    "lastRunDateTime": 1477697490,
    "name": "An Analysis",
    "organizationId": "organization-2",
    "siteId": "site-2",
    "summary": Object {
      "avgDistance": 12.34,
      "avgTravelTime": 1234,
      "savingsPerTrip": 1.23,
      "savingsPerTripYear": 319.8,
      "savingsTotalPerDay": 1.23,
      "savingsTotalPerYear": 319.8,
    },
    "tripVals": Object {
      "bike": Object {
        "cost": Array [
          0.12,
        ],
        "distance": Array [
          23,
        ],
        "time": Array [
          2345,
        ],
      },
      "car": Object {
        "cost": Array [
          6.78,
        ],
        "distance": Array [
          18,
        ],
        "time": Array [
          1234,
        ],
      },
      "transit": Object {
        "cost": Array [
          3.45,
        ],
        "distance": Array [
          30,
        ],
        "time": Array [
          3456,
        ],
      },
      "walk": Object {
        "cost": Array [
          0,
        ],
        "distance": Array [
          19,
        ],
        "time": Array [
          6789,
        ],
      },
    },
    "trips": Array [
      Object {
        "bike": Object {
          "cost": 0.12,
          "distance": 23,
          "polygon": "encoded",
          "time": 2345,
        },
        "car": Object {
          "cost": 6.78,
          "distance": 18,
          "polygon": "encoded",
          "time": 1234,
        },
        "commuterId": "commuter-2",
        "mostLikely": Object {
          "cost": 3.45,
          "distance": 30,
          "mode": "transit",
          "polygon": "encoded",
          "time": 3456,
        },
        "transit": Object {
          "cost": 3.45,
          "distance": 30,
          "polygon": "encoded",
          "time": 3456,
        },
        "walk": Object {
          "cost": 0,
          "distance": 19,
          "polygon": "encoded",
          "time": 6789,
        },
      },
    ],
  },
}
`;
