exports[`reducers > root should have default state 1`] = `
Object {
  "user": Object {},
}
`;
