exports[`Container > CreateSiteAnalysis renders correctly 1`] = `
<Connect(CreateSiteAnalysis)>
  <CreateSiteAnalysis
    dispatch={[Function]}>
    <h1>
      Create Site Analysis
    </h1>
  </CreateSiteAnalysis>
</Connect(CreateSiteAnalysis)>
`;
