exports[`Container > CreateGroup renders correctly 1`] = `
<Connect(CreateGroup)>
  <CreateGroup
    dispatch={[Function]}>
    <h1>
      Create Group
    </h1>
  </CreateGroup>
</Connect(CreateGroup)>
`;
