exports[`Container > EditOrganization renders correctly 1`] = `
<Connect(EditOrganization)>
  <EditOrganization
    dispatch={[Function]}>
    <h1>
      Edit Organization
    </h1>
  </EditOrganization>
</Connect(EditOrganization)>
`;
