exports[`Container > EditSite renders correctly 1`] = `
<Connect(EditSite)>
  <EditSite
    dispatch={[Function]}>
    <h1>
      Edit Site
    </h1>
  </EditSite>
</Connect(EditSite)>
`;
