exports[`Container > EditGroup renders correctly 1`] = `
<Connect(EditGroup)>
  <EditGroup
    dispatch={[Function]}>
    <h1>
      Edit Group
    </h1>
  </EditGroup>
</Connect(EditGroup)>
`;
