exports[`Container > Group renders correctly 1`] = `
<Connect(Group)>
  <Group
    dispatch={[Function]}
    user={Object {}}>
    <h1>
      Group
    </h1>
  </Group>
</Connect(Group)>
`;
