exports[`Container > SiteAnalysis renders correctly 1`] = `
<Connect(SiteAnalysis)>
  <SiteAnalysis
    dispatch={[Function]}
    user={Object {}}>
    <h1>
      Site Analysis
    </h1>
  </SiteAnalysis>
</Connect(SiteAnalysis)>
`;
