exports[`Container > Site renders correctly 1`] = `
<Connect(Site)>
  <Site
    dispatch={[Function]}>
    <h1>
      Site
    </h1>
  </Site>
</Connect(Site)>
`;
