exports[`actions > polygon generic model actions deleteMany should work 1`] = `
Object {
  "siteId": "site-id",
}
`;
