exports[`Container > Icon renders correctly 1`] = `
<pure(Icon)
  className="test"
  type="pencil">
  <i
    className="fa fa-pencil fa-fw test" />
</pure(Icon)>
`;
